[20-May-2025 17:55:23 Europe/Berlin] PHP Notice:  session_start(): Ignoring session_start() because a session is already active in E:\xampp\htdocs\Wildlife_Forum\login.php on line 20
[29-May-2025 14:52:11 UTC] PHP Fatal error:  Uncaught PDOException: SQLSTATE[42S02]: Base table or view not found: 1146 Table 'forum_db.events' doesn't exist in /Applications/MAMP/htdocs/webmay29/Wildlife_Forum/admin.php:84
Stack trace:
#0 /Applications/MAMP/htdocs/webmay29/Wildlife_Forum/admin.php(84): PDO->query('\n    SELECT e.e...')
#1 {main}
  thrown in /Applications/MAMP/htdocs/webmay29/Wildlife_Forum/admin.php on line 84
[29-May-2025 14:54:10 UTC] PHP Fatal error:  Uncaught PDOException: SQLSTATE[42S02]: Base table or view not found: 1146 Table 'forum_db.events' doesn't exist in /Applications/MAMP/htdocs/webmay29/Wildlife_Forum/admin.php:90
Stack trace:
#0 /Applications/MAMP/htdocs/webmay29/Wildlife_Forum/admin.php(90): PDO->query('\n    SELECT e.e...')
#1 {main}
  thrown in /Applications/MAMP/htdocs/webmay29/Wildlife_Forum/admin.php on line 90
[29-May-2025 14:55:20 UTC] PHP Fatal error:  Uncaught PDOException: SQLSTATE[42S02]: Base table or view not found: 1146 Table 'forum_db.events' doesn't exist in /Applications/MAMP/htdocs/webmay29/Wildlife_Forum/admin.php:90
Stack trace:
#0 /Applications/MAMP/htdocs/webmay29/Wildlife_Forum/admin.php(90): PDO->query('\n    SELECT e.e...')
#1 {main}
  thrown in /Applications/MAMP/htdocs/webmay29/Wildlife_Forum/admin.php on line 90
[29-May-2025 14:55:22 UTC] PHP Fatal error:  Uncaught PDOException: SQLSTATE[42S02]: Base table or view not found: 1146 Table 'forum_db.events' doesn't exist in /Applications/MAMP/htdocs/webmay29/Wildlife_Forum/admin.php:90
Stack trace:
#0 /Applications/MAMP/htdocs/webmay29/Wildlife_Forum/admin.php(90): PDO->query('\n    SELECT e.e...')
#1 {main}
  thrown in /Applications/MAMP/htdocs/webmay29/Wildlife_Forum/admin.php on line 90
[29-May-2025 14:55:45 UTC] PHP Notice:  session_start(): Ignoring session_start() because a session is already active (started from /Applications/MAMP/htdocs/webmay29/Wildlife_Forum/includes/header.php on line 2) in /Applications/MAMP/htdocs/webmay29/Wildlife_Forum/login.php on line 20
[29-May-2025 14:55:46 UTC] PHP Fatal error:  Uncaught PDOException: SQLSTATE[42S02]: Base table or view not found: 1146 Table 'forum_db.events' doesn't exist in /Applications/MAMP/htdocs/webmay29/Wildlife_Forum/admin.php:90
Stack trace:
#0 /Applications/MAMP/htdocs/webmay29/Wildlife_Forum/admin.php(90): PDO->query('\n    SELECT e.e...')
#1 {main}
  thrown in /Applications/MAMP/htdocs/webmay29/Wildlife_Forum/admin.php on line 90
[29-May-2025 14:56:33 UTC] PHP Fatal error:  Uncaught PDOException: SQLSTATE[42S02]: Base table or view not found: 1146 Table 'forum_db.events' doesn't exist in /Applications/MAMP/htdocs/webmay29/Wildlife_Forum/admin.php:90
Stack trace:
#0 /Applications/MAMP/htdocs/webmay29/Wildlife_Forum/admin.php(90): PDO->query('\n    SELECT e.e...')
#1 {main}
  thrown in /Applications/MAMP/htdocs/webmay29/Wildlife_Forum/admin.php on line 90
[29-May-2025 14:57:03 UTC] PHP Fatal error:  Uncaught PDOException: SQLSTATE[42S02]: Base table or view not found: 1146 Table 'forum_db.events' doesn't exist in /Applications/MAMP/htdocs/webmay29/Wildlife_Forum/admin.php:90
Stack trace:
#0 /Applications/MAMP/htdocs/webmay29/Wildlife_Forum/admin.php(90): PDO->query('\n    SELECT e.e...')
#1 {main}
  thrown in /Applications/MAMP/htdocs/webmay29/Wildlife_Forum/admin.php on line 90
[29-May-2025 14:59:39 UTC] PHP Fatal error:  Uncaught PDOException: SQLSTATE[42S02]: Base table or view not found: 1146 Table 'forum_db.events' doesn't exist in /Applications/MAMP/htdocs/webmay29/Wildlife_Forum/admin.php:90
Stack trace:
#0 /Applications/MAMP/htdocs/webmay29/Wildlife_Forum/admin.php(90): PDO->query('\n    SELECT e.e...')
#1 {main}
  thrown in /Applications/MAMP/htdocs/webmay29/Wildlife_Forum/admin.php on line 90
[29-May-2025 14:59:40 UTC] PHP Fatal error:  Uncaught PDOException: SQLSTATE[42S02]: Base table or view not found: 1146 Table 'forum_db.events' doesn't exist in /Applications/MAMP/htdocs/webmay29/Wildlife_Forum/admin.php:90
Stack trace:
#0 /Applications/MAMP/htdocs/webmay29/Wildlife_Forum/admin.php(90): PDO->query('\n    SELECT e.e...')
#1 {main}
  thrown in /Applications/MAMP/htdocs/webmay29/Wildlife_Forum/admin.php on line 90
[29-May-2025 14:59:43 UTC] PHP Fatal error:  Uncaught PDOException: SQLSTATE[42S02]: Base table or view not found: 1146 Table 'forum_db.events' doesn't exist in /Applications/MAMP/htdocs/webmay29/Wildlife_Forum/events.php:30
Stack trace:
#0 /Applications/MAMP/htdocs/webmay29/Wildlife_Forum/events.php(30): PDO->query('SELECT * FROM e...')
#1 {main}
  thrown in /Applications/MAMP/htdocs/webmay29/Wildlife_Forum/events.php on line 30
[29-May-2025 14:59:44 UTC] PHP Fatal error:  Uncaught PDOException: SQLSTATE[42S02]: Base table or view not found: 1146 Table 'forum_db.events' doesn't exist in /Applications/MAMP/htdocs/webmay29/Wildlife_Forum/events.php:30
Stack trace:
#0 /Applications/MAMP/htdocs/webmay29/Wildlife_Forum/events.php(30): PDO->query('SELECT * FROM e...')
#1 {main}
  thrown in /Applications/MAMP/htdocs/webmay29/Wildlife_Forum/events.php on line 30
[29-May-2025 14:59:46 UTC] PHP Fatal error:  Uncaught PDOException: SQLSTATE[42S02]: Base table or view not found: 1146 Table 'forum_db.events' doesn't exist in /Applications/MAMP/htdocs/webmay29/Wildlife_Forum/admin.php:90
Stack trace:
#0 /Applications/MAMP/htdocs/webmay29/Wildlife_Forum/admin.php(90): PDO->query('\n    SELECT e.e...')
#1 {main}
  thrown in /Applications/MAMP/htdocs/webmay29/Wildlife_Forum/admin.php on line 90
[29-May-2025 14:59:51 UTC] PHP Fatal error:  Uncaught PDOException: SQLSTATE[42S02]: Base table or view not found: 1146 Table 'forum_db.events' doesn't exist in /Applications/MAMP/htdocs/webmay29/Wildlife_Forum/admin.php:90
Stack trace:
#0 /Applications/MAMP/htdocs/webmay29/Wildlife_Forum/admin.php(90): PDO->query('\n    SELECT e.e...')
#1 {main}
  thrown in /Applications/MAMP/htdocs/webmay29/Wildlife_Forum/admin.php on line 90
[29-May-2025 14:59:55 UTC] PHP Fatal error:  Uncaught PDOException: SQLSTATE[42S02]: Base table or view not found: 1146 Table 'forum_db.events' doesn't exist in /Applications/MAMP/htdocs/webmay29/Wildlife_Forum/events.php:30
Stack trace:
#0 /Applications/MAMP/htdocs/webmay29/Wildlife_Forum/events.php(30): PDO->query('SELECT * FROM e...')
#1 {main}
  thrown in /Applications/MAMP/htdocs/webmay29/Wildlife_Forum/events.php on line 30
[29-May-2025 14:59:56 UTC] PHP Fatal error:  Uncaught PDOException: SQLSTATE[42S02]: Base table or view not found: 1146 Table 'forum_db.events' doesn't exist in /Applications/MAMP/htdocs/webmay29/Wildlife_Forum/events.php:30
Stack trace:
#0 /Applications/MAMP/htdocs/webmay29/Wildlife_Forum/events.php(30): PDO->query('SELECT * FROM e...')
#1 {main}
  thrown in /Applications/MAMP/htdocs/webmay29/Wildlife_Forum/events.php on line 30
